// Jest Snapshot v1, https://goo.gl/fbAQLP

exports[`Loading dragons component renders correctly 1`] = `undefined`;
