// Jest Snapshot v1, https://goo.gl/fbAQLP

exports[`Loading missions component renders correctly 1`] = `undefined`;
