// Jest Snapshot v1, https://goo.gl/fbAQLP

exports[`Loading profile component renders correctly 1`] = `undefined`;
